[edit.www.imcreator.com/viewer/vbid-71afe2b8-sf9ixatx.html]
[backblue.gif]
[fade.gif]
[index.html]
[edit.www.imcreator.com/images/ui_icons/magic_circle.png]
[maxcdn.bootstrapcdn.com/font-awesome/4.7.0/css/font-awesome.min.css]
[edit.www.imcreator.com/js/xprs_helperc2ba.js]
[code.jquery.com/jquery-2.x-git.min.js]
[edit.www.imcreator.com/js/lib/jquery.cookie.min.js]
[edit.www.imcreator.com/js/lib/sweetalert/sweetalert.min.js]
[imos004-dot-im--os.appspot.com/js/imosc2ba.js]
[edit.www.imcreator.com/all_jsc2ba.js]
[edit.www.imcreator.com/js/lib/touchswipe/jquery.mobile.custom.min.js]
[lh3.googleusercontent.com/unnamed.png]
[lh3.googleusercontent.com/unnamed.jpg]
[edit.www.imcreator.com/images/socialmedia/6facebook.png]
[edit.www.imcreator.com/images/socialmedia/6twitter.png]
[edit.www.imcreator.com/images/socialmedia/6instagram.png]
[edit.www.imcreator.com/images/socialmedia/6youtube.png]
[edit.www.imcreator.com/images/ui_icons/download.png]
[edit.www.imcreator.com/images/ui_icons/delete_on.png]
[edit.www.imcreator.com/images/ui_icons/lightbox_arrow_left.png]
[edit.www.imcreator.com/images/ui_icons/lightbox_arrow_right.png]
[edit.www.imcreator.com/js/lightboxc2ba.js]
[edit.www.imcreator.com/js/spimeenginec2ba.js]
[edit.www.imcreator.com/viewer/vbid-71afe2b8-sf9ixatx.html]
[edit.www.imcreator.com/stripe_dynamic_css2412.css]
[edit.www.imcreator.com/stripe_dynamic_cssfdab.css]
[edit.www.imcreator.com/stripe_dynamic_css7579.css]
[edit.www.imcreator.com/stripe_dynamic_css3d69.css]
[edit.www.imcreator.com/stripe_data_cssb697.css]
[www.gravatar.com/avatar/index0dfd.html]
[edit.www.imcreator.com/images/ui_icons/magic_circle.png]
[edit.www.imcreator.com/all_jsc2ba.js]
[edit.www.imcreator.com/images/socialmedia/6facebook.png]
[edit.www.imcreator.com/images/socialmedia/6twitter.png]
[edit.www.imcreator.com/images/socialmedia/6instagram.png]
[edit.www.imcreator.com/images/backgrounds/1.png]
[edit.www.imcreator.com/images/ui_icons/download.png]
[edit.www.imcreator.com/images/socialmedia/6youtube.png]
[edit.www.imcreator.com/images/ui_icons/delete_on.png]
[edit.www.imcreator.com/images/x_loader.png]
[edit.www.imcreator.com/images/ui_icons/lightbox_arrow_left.png]
[code.jquery.com/jquery-2.x-git.min.js]
[edit.www.imcreator.com/images/ui_icons/lightbox_arrow_right.png]
[edit.www.imcreator.com/images/ui_icons/tooltip_circle.png]
[edit.www.imcreator.com/fonts/HelveticaNeueLTW1G-Th.svg]
[www.gravatar.com/avatar/index0dfd.html]
[edit.www.imcreator.com/images/ui_icons/tooltip_top_left.png]
[edit.www.imcreator.com/images/ui_icons/tooltip_circle.png]
[edit.www.imcreator.com/images/ui_icons/tooltip_bottom_left.png]
[edit.www.imcreator.com/images/ui_icons/tooltip_top_left.png]
[edit.www.imcreator.com/images/ui_icons/tooltip_top_right.png]
[edit.www.imcreator.com/images/ui_icons/tooltip_bottom_right.png]
[edit.www.imcreator.com/css/commonc2ba.css]
[edit.www.imcreator.com/js/lib/sweetalert/sweetalert.css]
[edit.www.imcreator.com/images/paginator.png]
[edit.www.imcreator.com/images/paginator.png]
[edit.www.imcreator.com/images/paginator-active.png]
[edit.www.imcreator.com/images/ui_icons/menu_ico.png]
[edit.www.imcreator.com/all_cssc2ba.css]
[maxcdn.bootstrapcdn.com/font-awesome/4.7.0/css/font-awesome.min.css]
[edit.www.imcreator.com/css/fontsc2ba.css]
[edit.www.imcreator.com/css/effectsc2ba.css]
[edit.www.imcreator.com/css/lightboxc2ba.css]
[edit.www.imcreator.com/css/spimeviewc2ba.css]
[maxcdn.bootstrapcdn.com/font-awesome/4.7.0/fonts/fontawesome-webfont3e6e.svg]
[edit.www.imcreator.com/fonts/HelveticaNeueLTW1G-Th.svg]
[lh3.googleusercontent.com/unnamed.png]
[lh3.googleusercontent.com/unnamed.jpg]
[maxcdn.bootstrapcdn.com/font-awesome/4.7.0/fonts/fontawesome-webfont3e6e.svg]
